<html>
<body>
<pre>
<h1>礦ision Build Log</h1>
<h2>Tool Versions:</h2>
IDE-Version: μVision V5.21.1.0
Copyright (C) 2016 ARM Ltd and ARM Germany GmbH. All rights reserved.
License Information: 1 1, 1, LIC=SDA0P-MS9M8-WFFI7-E12KF-75GIU-TFT44
 
Tool Versions:
Toolchain:       MDK-ARM Plus  Version: 5.21a
Toolchain Path:  D:\MDK5\ARM\ARMCC\Bin
C Compiler:      Armcc.exe V5.06 update 3 (build 300)
Assembler:       Armasm.exe V5.06 update 3 (build 300)
Linker/Locator:  ArmLink.exe V5.06 update 3 (build 300)
Library Manager: ArmAr.exe V5.06 update 3 (build 300)
Hex Converter:   FromElf.exe V5.06 update 3 (build 300)
CPU DLL:         SARMCM3.DLL V5.21a
Dialog DLL:      DARMSTM.DLL V1.66.0.1
Target DLL:      STLink\ST-LINKIII-KEIL_SWO.dll V2.0.18.0
Dialog DLL:      TARMSTM.DLL V1.65.0.0
 
<h2>Project:</h2>
D:\CreatBoard\Warship\2，标准例程-库函数版本\实验26 CAN收发实验\USER\CAN.uvprojx
Project File Date:  03/31/2022

<h2>Output:</h2>
*** Using Compiler 'V5.06 update 3 (build 300)', folder: 'D:\MDK5\ARM\ARMCC\Bin'
Build target 'CAN'
compiling can.c...
compiling usart.c...
compiling pid.c...
..\HARDWARE\CAL\pid.h(11): warning:  #1295-D: Deprecated declaration show - give arg types
  extern void show();
..\HARDWARE\CAL\pid.c: 1 warning, 0 errors
compiling main.c...
..\HARDWARE\CAL\pid.h(11): warning:  #1295-D: Deprecated declaration show - give arg types
  extern void show();
main.c(36): warning:  #223-D: function "set_speed" declared implicitly
  		{set_speed(2000);}
main.c(15): warning:  #177-D: variable "i" was declared but never referenced
  	u8 i=0,t=0;
main.c(17): warning:  #177-D: variable "canbuf" was declared but never referenced
  	u8 canbuf[8];
main.c(18): warning:  #177-D: variable "res" was declared but never referenced
  	u8 res;
main.c: 5 warnings, 0 errors
linking...
Program Size: Code=29116 RO-data=6728 RW-data=132 ZI-data=1852  
FromELF: creating hex file...
"..\OBJ\CAN.axf" - 0 Error(s), 6 Warning(s).

<h2>Collection of Component include folders:</h2>
  D:\CreatBoard\Warship\2，标准例程-库函数版本\实验26 CAN收发实验\USER\RTE
  D:\MDK5\Keil\STM32F1xx_DFP\2.2.0\Device\Include

<h2>Collection of Component Files used:</h2>
Build Time Elapsed:  00:00:02
</pre>
</body>
</html>
